INPUT<
[route 'bar' [create [addr='123.124.123.125:5445']]]

OUTPUT>
&dogconf.AddRequest{
 RouteSpec:dogconf.RouteSpec{
  Route:"bar",
  Ocn:0x0
 },
 Values:map[string]string{
  "addr":"123.124.123.125:5445"
 }
}
