INPUT<
[route 'foo' @ 42 [delete]]

OUTPUT>
&dogconf.DeleteRequest{
 RouteSpec:dogconf.RouteSpec{
  Route:"foo",
  Ocn:0x2a
 }
}
