&dogconf.DeleteRequest{
 RouteSpec:dogconf.RouteSpec{
  Route:"",
  Ocn:0x0
 }
}
