&dogconf.GetRequest{
 RouteSpec:dogconf.RouteSpec{
  Route:"bar",
  Ocn:0x0
 }
}
