&dogconf.PatchRequest{
 RouteSpec:dogconf.RouteSpec{
  Route:"bar",
  Ocn:0x1
 },
 Patches:map[string]string{
  "addr":"123.123.123.125:5445"
 }
}
