INPUT<
[route '!xp' @ 5 [patch [password='x'',"',lock='true']]]

OUTPUT>
&dogconf.PatchRequest{
 RouteSpec:dogconf.RouteSpec{
  Route:"!xp",
  Ocn:0x5
 },
 Patches:map[string]string{
  "lock":"true",
  "password":"x',\""
 }
}
