INPUT<
[route 'bar @ 137 [delete]

OUTPUT>
1:8: literal not terminated
