INPUT<
[route 'bar' [create [addr='123.124.123.125:5445']]]

OUTPUT>
<nil>
