INPUT<
[route 'foo' @ 42 [delete]]

OUTPUT>
<nil>
