INPUT<
[route '!xp' @ 5 [patch [dbnameIn='x'',"',lock='true']]]

OUTPUT>
<nil>
